{
  "id": "11111111-1111-4111-8111-111111111111",
  "title": "My Notebook",
  "created_by": "anonymous",
  "created_at": "2024-01-01T12:00:00+00:00",
  "items": [
    {
      "kind": "event",
      "id": "22222222-2222-4222-8222-222222222222",
      "title": "Event Alpha",
      "time": "2024-01-02T08:30:00+00:00",
      "source_url": "https://example.com/src",
      "note": "first",
      "created_at": "2024-01-01T12:00:00+00:00"
    },
    {
      "kind": "entity",
      "id": "33333333-3333-4333-8333-333333333333",
      "type": "Org",
      "name": "ACME",
      "note": null,
      "created_at": "2024-01-01T12:00:00+00:00"
    }
  ]
}

